INFO [2025-03-10 17:40:32] $x
INFO [2025-03-10 17:40:32] venn_data
INFO [2025-03-10 17:40:32] 
INFO [2025-03-10 17:40:32] $category.names
INFO [2025-03-10 17:40:32] names(venn_data)
INFO [2025-03-10 17:40:32] 
INFO [2025-03-10 17:40:32] $fill
INFO [2025-03-10 17:40:32] colores_de_host
INFO [2025-03-10 17:40:32] 
INFO [2025-03-10 17:40:32] $alpha
INFO [2025-03-10 17:40:32] [1] 0.6
INFO [2025-03-10 17:40:32] 
INFO [2025-03-10 17:40:32] $filename
INFO [2025-03-10 17:40:32] NULL
INFO [2025-03-10 17:40:32] 
INFO [2025-03-10 17:40:32] $cex
INFO [2025-03-10 17:40:32] [1] 1.5
INFO [2025-03-10 17:40:32] 
INFO [2025-03-10 17:40:32] $cat.cex
INFO [2025-03-10 17:40:32] [1] 1.5
INFO [2025-03-10 17:40:32] 
